{
  "version": "1.4.0",
  "plugins_used": [
    {
      "name": "AWSKeyDetector"
    },
    {
      "name": "AzureKeyDetector"
    },
    {
      "name": "Base64HighEntropyString",
      "limit": 4.5
    },
    {
      "name": "BasicAuthDetector"
    },
    {
      "name": "BoxDetector"
    },
    {
      "name": "CloudantDetector"
    },
    {
      "name": "CommitHashDetector"
    },
    {
      "name": "DiscordTokenDetector"
    },
    {
      "name": "EntropyKeywordCombinatorDetector"
    },
    {
      "name": "GithubTokenDetector"
    },
    {
      "name": "IbmCloudIamDetector"
    },
    {
      "name": "IbmCosHmacDetector"
    },
    {
      "name": "JwtTokenDetector"
    },
    {
      "name": "KeywordDetector"
    },
    {
      "name": "MailchimpDetector"
    },
    {
      "name": "NpmDetector"
    },
    {
      "name": "OpenAiDetector"
    },
    {
      "name": "PrivateKeyDetector"
    },
    {
      "name": "SlackDetector"
    },
    {
      "name": "SoftlayerDetector"
    },
    {
      "name": "SquareOAuthDetector"
    },
    {
      "name": "StripeDetector"
    },
    {
      "name": "TwilioKeyDetector"
    },
    {
      "name": "ArtifactoryDetector"
    },
    {
      "name": "AzureStorageKeyDetector"
    },
    {
      "name": "BeamerDetector"
    },
    {
      "name": "CodecovDetector"
    },
    {
      "name": "DatadogDetector"
    },
    {
      "name": "DopplerDetector"
    },
    {
      "name": "DynatraceDetector"
    },
    {
      "name": "EtsyDetector"
    },
    {
      "name": "FinnhubDetector"
    },
    {
      "name": "FinicityDetector"
    },
    {
      "name": "FlickrDetector"
    },
    {
      "name": "FrameIoDetector"
    },
    {
      "name": "GrafanaDetector"
    },
    {
      "name": "HashiCorpVaultDetector"
    },
    {
      "name": "HerokuDetector"
    },
    {
      "name": "HuggingFaceDetector"
    },
    {
      "name": "IntercomDetector"
    },
    {
      "name": "JiraDetector"
    },
    {
      "name": "JsonWebTokenDetector"
    },
    {
      "name": "KlarnaDetector"
    },
    {
      "name": "KobitonDetector"
    },
    {
      "name": "LinkedInDetector"
    },
    {
      "name": "LobDetector"
    },
    {
      "name": "MailgunDetector"
    },
    {
      "name": "MapboxDetector"
    },
    {
      "name": "MessageBirdDetector"
    },
    {
      "name": "NewRelicDetector"
    },
    {
      "name": "NgrokDetector"
    },
    {
      "name": "NpmDetector"
    },
    {
      "name": "OktaDetector"
    },
    {
      "name": "PlanetscaleDetector"
    },
    {
      "name": "PostmanDetector"
    },
    {
      "name": "PulumiDetector"
    },
    {
      "name": "PypiDetector"
    },
    {
      "name": "RapidApiDetector"
    },
    {
      "name": "ReadMeDetector"
    },
    {
      "name": "SentryDetector"
    },
    {
      "name": "ShippoDetector"
    },
    {
      "name": "ShopifyDetector"
    },
    {
      "name": "SonarQubeDetector"
    },
    {
      "name": "SquareDetector"
    },
    {
      "name": "SumoLogicDetector"
    },
    {
      "name": "TelegramBotDetector"
    },
    {
      "name": "TravisCIDetector"
    },
    {
      "name": "TwilioDetector"
    },
    {
      "name": "TwitchDetector"
    },
    {
      "name": "UrlscanDetector"
    },
    {
      "name": "VaultDetector"
    },
    {
      "name": "YandexDetector"
    }
  ],
  "results": []
}